#-----------------------------------------------------------
# Vivado v2020.2 (64-bit)
# SW Build 3064766 on Wed Nov 18 09:12:45 MST 2020
# IP Build 3064653 on Wed Nov 18 14:17:31 MST 2020
# Start of session at: Thu Jun  4 23:49:39 2026
# Process ID: 28076
# Current directory: F:/FPGA/shudianshiyan/simple_mcu_test
# Command line: vivado.exe -gui_launcher_event rodinguilauncherevent26872 F:\FPGA\shudianshiyan\simple_mcu_test\simple_mcu_test.xpr
# Log file: F:/FPGA/shudianshiyan/simple_mcu_test/vivado.log
# Journal file: F:/FPGA/shudianshiyan/simple_mcu_test\vivado.jou
#-----------------------------------------------------------
start_gui
open_project F:/FPGA/shudianshiyan/simple_mcu_test/simple_mcu_test.xpr
update_compile_order -fileset sources_1
open_hw_manager
connect_hw_server -allow_non_jtag
open_hw_target
set_property PROGRAM.FILE {F:/FPGA/shudianshiyan/simple_mcu_test/simple_mcu_test.runs/impl_1/mcu_top.bit} [get_hw_devices xc7k160t_0]
set_property PROBES.FILE {F:/FPGA/shudianshiyan/simple_mcu_test/simple_mcu_test.runs/impl_1/mcu_top.ltx} [get_hw_devices xc7k160t_0]
set_property FULL_PROBES.FILE {F:/FPGA/shudianshiyan/simple_mcu_test/simple_mcu_test.runs/impl_1/mcu_top.ltx} [get_hw_devices xc7k160t_0]
current_hw_device [get_hw_devices xc7k160t_0]
refresh_hw_device [lindex [get_hw_devices xc7k160t_0] 0]
display_hw_ila_data [ get_hw_ila_data hw_ila_data_1 -of_objects [get_hw_ilas -of_objects [get_hw_devices xc7k160t_0] -filter {CELL_NAME=~"u_ila"}]]
set_property PROBES.FILE {F:/FPGA/shudianshiyan/simple_mcu_test/simple_mcu_test.runs/impl_1/mcu_top.ltx} [get_hw_devices xc7k160t_0]
set_property FULL_PROBES.FILE {F:/FPGA/shudianshiyan/simple_mcu_test/simple_mcu_test.runs/impl_1/mcu_top.ltx} [get_hw_devices xc7k160t_0]
set_property PROGRAM.FILE {F:/FPGA/shudianshiyan/simple_mcu_test/simple_mcu_test.runs/impl_1/mcu_top.bit} [get_hw_devices xc7k160t_0]
program_hw_devices [get_hw_devices xc7k160t_0]
refresh_hw_device [lindex [get_hw_devices xc7k160t_0] 0]
run_hw_ila [get_hw_ilas -of_objects [get_hw_devices xc7k160t_0] -filter {CELL_NAME=~"u_ila"}]
wait_on_hw_ila [get_hw_ilas -of_objects [get_hw_devices xc7k160t_0] -filter {CELL_NAME=~"u_ila"}]
display_hw_ila_data [upload_hw_ila_data [get_hw_ilas -of_objects [get_hw_devices xc7k160t_0] -filter {CELL_NAME=~"u_ila"}]]
save_wave_config {F:/FPGA/shudianshiyan/simple_mcu_test/simple_mcu_test.hw/hw_1/wave/hw_ila_data_1/hw_ila_data_1.wcfg}
