#-----------------------------------------------------------
# Vivado v2020.2 (64-bit)
# SW Build 3064766 on Wed Nov 18 09:12:45 MST 2020
# IP Build 3064653 on Wed Nov 18 14:17:31 MST 2020
# Start of session at: Thu Jun  4 22:37:01 2026
# Process ID: 28008
# Current directory: F:/FPGA/shudianshiyan/simple_mcu_test
# Command line: vivado.exe -gui_launcher_event rodinguilauncherevent11344 F:\FPGA\shudianshiyan\simple_mcu_test\simple_mcu_test.xpr
# Log file: F:/FPGA/shudianshiyan/simple_mcu_test/vivado.log
# Journal file: F:/FPGA/shudianshiyan/simple_mcu_test\vivado.jou
#-----------------------------------------------------------
start_gui
open_project F:/FPGA/shudianshiyan/simple_mcu_test/simple_mcu_test.xpr
update_compile_order -fileset sources_1
reset_run synth_1
launch_runs synth_1 -jobs 8
wait_on_run synth_1
launch_runs impl_1 -jobs 8
wait_on_run impl_1
open_run impl_1
report_timing_summary -delay_type min_max -report_unconstrained -check_timing_verbose -max_paths 10 -input_pins -routable_nets -name timing_1
reset_run impl_1
launch_runs impl_1 -jobs 8
wait_on_run impl_1
report_timing_summary -delay_type min_max -report_unconstrained -check_timing_verbose -max_paths 10 -input_pins -routable_nets -name timing_2
launch_runs impl_1 -to_step write_bitstream -jobs 8
wait_on_run impl_1
refresh_design
open_hw_manager
connect_hw_server -allow_non_jtag
open_hw_target
set_property PROGRAM.FILE {F:/FPGA/shudianshiyan/simple_mcu_test/simple_mcu_test.runs/impl_1/mcu_top.bit} [get_hw_devices xc7k160t_0]
set_property PROBES.FILE {F:/FPGA/shudianshiyan/simple_mcu_test/simple_mcu_test.runs/impl_1/mcu_top.ltx} [get_hw_devices xc7k160t_0]
set_property FULL_PROBES.FILE {F:/FPGA/shudianshiyan/simple_mcu_test/simple_mcu_test.runs/impl_1/mcu_top.ltx} [get_hw_devices xc7k160t_0]
current_hw_device [get_hw_devices xc7k160t_0]
refresh_hw_device [lindex [get_hw_devices xc7k160t_0] 0]
set_property PROBES.FILE {F:/FPGA/shudianshiyan/simple_mcu_test/simple_mcu_test.runs/impl_1/mcu_top.ltx} [get_hw_devices xc7k160t_0]
set_property FULL_PROBES.FILE {F:/FPGA/shudianshiyan/simple_mcu_test/simple_mcu_test.runs/impl_1/mcu_top.ltx} [get_hw_devices xc7k160t_0]
set_property PROGRAM.FILE {F:/FPGA/shudianshiyan/simple_mcu_test/simple_mcu_test.runs/impl_1/mcu_top.bit} [get_hw_devices xc7k160t_0]
program_hw_devices [get_hw_devices xc7k160t_0]
refresh_hw_device [lindex [get_hw_devices xc7k160t_0] 0]
display_hw_ila_data [ get_hw_ila_data hw_ila_data_1 -of_objects [get_hw_ilas -of_objects [get_hw_devices xc7k160t_0] -filter {CELL_NAME=~"u_ila"}]]
run_hw_ila [get_hw_ilas -of_objects [get_hw_devices xc7k160t_0] -filter {CELL_NAME=~"u_ila"}] -trigger_now
wait_on_hw_ila [get_hw_ilas -of_objects [get_hw_devices xc7k160t_0] -filter {CELL_NAME=~"u_ila"}]
display_hw_ila_data [upload_hw_ila_data [get_hw_ilas -of_objects [get_hw_devices xc7k160t_0] -filter {CELL_NAME=~"u_ila"}]]
run_hw_ila [get_hw_ilas -of_objects [get_hw_devices xc7k160t_0] -filter {CELL_NAME=~"u_ila"}]
wait_on_hw_ila [get_hw_ilas -of_objects [get_hw_devices xc7k160t_0] -filter {CELL_NAME=~"u_ila"}]
display_hw_ila_data [upload_hw_ila_data [get_hw_ilas -of_objects [get_hw_devices xc7k160t_0] -filter {CELL_NAME=~"u_ila"}]]
set_property TRIGGER_COMPARE_VALUE eq32'h0000_0004 [get_hw_probes pc -of_objects [get_hw_ilas -of_objects [get_hw_devices xc7k160t_0] -filter {CELL_NAME=~"u_ila"}]]
set_property TRIGGER_COMPARE_VALUE eq32'b0000_0000_0000_0000_0000_0000_0000_0100 [get_hw_probes pc -of_objects [get_hw_ilas -of_objects [get_hw_devices xc7k160t_0] -filter {CELL_NAME=~"u_ila"}]]
run_hw_ila [get_hw_ilas -of_objects [get_hw_devices xc7k160t_0] -filter {CELL_NAME=~"u_ila"}]
wait_on_hw_ila [get_hw_ilas -of_objects [get_hw_devices xc7k160t_0] -filter {CELL_NAME=~"u_ila"}]
display_hw_ila_data [upload_hw_ila_data [get_hw_ilas -of_objects [get_hw_devices xc7k160t_0] -filter {CELL_NAME=~"u_ila"}]]
launch_simulation
save_wave_config {F:/FPGA/shudianshiyan/simple_mcu_test/simple_mcu_test.hw/hw_1/wave/hw_ila_data_1/hw_ila_data_1.wcfg}
close_hw_manager
set_property SOURCE_SET sources_1 [get_filesets sim_1]
add_files -fileset sim_1 -norecurse F:/FPGA/shudianshiyan/src/pym/mcu_v0_arm_a32_single_cycle/mcu_v0_arm_a32_single_cycle/tb/mcu_top_tb.v
update_compile_order -fileset sim_1
update_compile_order -fileset sim_1
launch_simulation
launch_simulation
launch_simulation
set_property -dict [list CONFIG.USE_LOCKED {true} CONFIG.USE_RESET {false}] [get_ips sys_clk]
set_property -dict [list CONFIG.USE_LOCKED {false}] [get_ips sys_clk]
generate_target all [get_files  F:/FPGA/shudianshiyan/simple_mcu_test/simple_mcu_test.srcs/sources_1/ip/sys_clk/sys_clk.xci]
catch { config_ip_cache -export [get_ips -all sys_clk] }
export_ip_user_files -of_objects [get_files F:/FPGA/shudianshiyan/simple_mcu_test/simple_mcu_test.srcs/sources_1/ip/sys_clk/sys_clk.xci] -no_script -sync -force -quiet
reset_run sys_clk_synth_1
launch_runs sys_clk_synth_1 -jobs 8
wait_on_run sys_clk_synth_1
export_simulation -of_objects [get_files F:/FPGA/shudianshiyan/simple_mcu_test/simple_mcu_test.srcs/sources_1/ip/sys_clk/sys_clk.xci] -directory F:/FPGA/shudianshiyan/simple_mcu_test/simple_mcu_test.ip_user_files/sim_scripts -ip_user_files_dir F:/FPGA/shudianshiyan/simple_mcu_test/simple_mcu_test.ip_user_files -ipstatic_source_dir F:/FPGA/shudianshiyan/simple_mcu_test/simple_mcu_test.ip_user_files/ipstatic -lib_map_path [list {modelsim=F:/FPGA/shudianshiyan/simple_mcu_test/simple_mcu_test.cache/compile_simlib/modelsim} {questa=F:/FPGA/shudianshiyan/simple_mcu_test/simple_mcu_test.cache/compile_simlib/questa} {riviera=F:/FPGA/shudianshiyan/simple_mcu_test/simple_mcu_test.cache/compile_simlib/riviera} {activehdl=F:/FPGA/shudianshiyan/simple_mcu_test/simple_mcu_test.cache/compile_simlib/activehdl}] -use_ip_compiled_libs -force -quiet
launch_simulation
