#-----------------------------------------------------------
# Vivado v2020.2 (64-bit)
# SW Build 3064766 on Wed Nov 18 09:12:45 MST 2020
# IP Build 3064653 on Wed Nov 18 14:17:31 MST 2020
# Start of session at: Fri May 22 10:36:38 2026
# Process ID: 15140
# Current directory: F:/FPGA/shudianshiyan/ALU_stu/ALU_stu
# Command line: vivado.exe -gui_launcher_event rodinguilauncherevent21960 F:\FPGA\shudianshiyan\ALU_stu\ALU_stu\ALU_stu.xpr
# Log file: F:/FPGA/shudianshiyan/ALU_stu/ALU_stu/vivado.log
# Journal file: F:/FPGA/shudianshiyan/ALU_stu/ALU_stu\vivado.jou
#-----------------------------------------------------------
start_gui
open_project F:/FPGA/shudianshiyan/ALU_stu/ALU_stu/ALU_stu.xpr
Scanning sources...
Finished scanning sources
INFO: [IP_Flow 19-234] Refreshing IP repositories
INFO: [IP_Flow 19-1704] No user IP repositories specified
INFO: [IP_Flow 19-2313] Loaded Vivado IP repository 'D:/Xilinx/Vivado/2020.2/data/ip'.
open_project: Time (s): cpu = 00:00:12 ; elapsed = 00:00:06 . Memory (MB): peak = 1107.410 ; gain = 0.000
update_compile_order -fileset sources_1
open_run impl_1
INFO: [Device 21-403] Loading part xc7k160tffg676-2
Netlist sorting complete. Time (s): cpu = 00:00:00 ; elapsed = 00:00:00.030 . Memory (MB): peak = 1429.641 ; gain = 0.000
INFO: [Netlist 29-17] Analyzing 117 Unisim elements for replacement
INFO: [Netlist 29-28] Unisim Transformation completed in 0 CPU seconds
INFO: [Project 1-479] Netlist was created with Vivado 2020.2
INFO: [Project 1-570] Preparing netlist for logic optimization
INFO: [Timing 38-478] Restoring timing data from binary archive.
INFO: [Timing 38-479] Binary timing data restore complete.
INFO: [Project 1-856] Restoring constraints from binary archive.
INFO: [Project 1-853] Binary constraint restore complete.
Reading XDEF placement.
Reading placer database...
Reading XDEF routing.
Read XDEF File: Time (s): cpu = 00:00:00 ; elapsed = 00:00:00.151 . Memory (MB): peak = 2152.668 ; gain = 0.000
Restored from archive | CPU: 0.000000 secs | Memory: 0.000000 MB |
Finished XDEF File Restore: Time (s): cpu = 00:00:00 ; elapsed = 00:00:00.152 . Memory (MB): peak = 2152.668 ; gain = 0.000
Netlist sorting complete. Time (s): cpu = 00:00:00 ; elapsed = 00:00:00.001 . Memory (MB): peak = 2152.668 ; gain = 0.000
INFO: [Project 1-111] Unisim Transformation Summary:
  A total of 58 instances were transformed.
  CFGLUT5 => CFGLUT5 (SRL16E, SRLC32E): 52 instances
  RAM32M => RAM32M (RAMD32(x6), RAMS32(x2)): 6 instances

open_run: Time (s): cpu = 00:00:18 ; elapsed = 00:00:21 . Memory (MB): peak = 2315.289 ; gain = 1186.105
WARNING: [Timing 38-436] There are set_bus_skew constraint(s) in this design. Please run report_bus_skew to ensure that bus skew requirements are met.
set_property -dict [list CONFIG.CLKOUT1_REQUESTED_OUT_FREQ {155} CONFIG.MMCM_CLKFBOUT_MULT_F {19.375} CONFIG.MMCM_CLKOUT0_DIVIDE_F {6.250} CONFIG.CLKOUT1_JITTER {149.636} CONFIG.CLKOUT1_PHASE_ERROR {161.540}] [get_ips sys_clk]
generate_target all [get_files  F:/FPGA/shudianshiyan/ALU_stu/ALU_stu/ALU_stu.srcs/sources_1/ip/sys_clk/sys_clk.xci]
INFO: [IP_Flow 19-1686] Generating 'Instantiation Template' target for IP 'sys_clk'...
INFO: [IP_Flow 19-1686] Generating 'Synthesis' target for IP 'sys_clk'...
INFO: [IP_Flow 19-1686] Generating 'Simulation' target for IP 'sys_clk'...
INFO: [IP_Flow 19-1686] Generating 'Implementation' target for IP 'sys_clk'...
INFO: [IP_Flow 19-1686] Generating 'Change Log' target for IP 'sys_clk'...
catch { config_ip_cache -export [get_ips -all sys_clk] }
export_ip_user_files -of_objects [get_files F:/FPGA/shudianshiyan/ALU_stu/ALU_stu/ALU_stu.srcs/sources_1/ip/sys_clk/sys_clk.xci] -no_script -sync -force -quiet
reset_run sys_clk_synth_1
launch_runs sys_clk_synth_1 -jobs 8
[Fri May 22 10:40:25 2026] Launched sys_clk_synth_1...
Run output will be captured here: F:/FPGA/shudianshiyan/ALU_stu/ALU_stu/ALU_stu.runs/sys_clk_synth_1/runme.log
export_simulation -of_objects [get_files F:/FPGA/shudianshiyan/ALU_stu/ALU_stu/ALU_stu.srcs/sources_1/ip/sys_clk/sys_clk.xci] -directory F:/FPGA/shudianshiyan/ALU_stu/ALU_stu/ALU_stu.ip_user_files/sim_scripts -ip_user_files_dir F:/FPGA/shudianshiyan/ALU_stu/ALU_stu/ALU_stu.ip_user_files -ipstatic_source_dir F:/FPGA/shudianshiyan/ALU_stu/ALU_stu/ALU_stu.ip_user_files/ipstatic -lib_map_path [list {modelsim=F:/FPGA/shudianshiyan/ALU_stu/ALU_stu/ALU_stu.cache/compile_simlib/modelsim} {questa=F:/FPGA/shudianshiyan/ALU_stu/ALU_stu/ALU_stu.cache/compile_simlib/questa} {riviera=F:/FPGA/shudianshiyan/ALU_stu/ALU_stu/ALU_stu.cache/compile_simlib/riviera} {activehdl=F:/FPGA/shudianshiyan/ALU_stu/ALU_stu/ALU_stu.cache/compile_simlib/activehdl}] -use_ip_compiled_libs -force -quiet
launch_simulation
Command: launch_simulation 
INFO: [Vivado 12-5698] Checking validity of IPs in the design for the 'XSim' simulator...
INFO: [Vivado 12-5682] Launching behavioral simulation in 'F:/FPGA/shudianshiyan/ALU_stu/ALU_stu/ALU_stu.sim/sim_1/behav/xsim'
INFO: [Vivado 12-4795] Using compiled simulation libraries for IPs
INFO: [SIM-utils-51] Simulation object is 'sim_1'
INFO: [USF-XSim-7] Finding pre-compiled libraries...
INFO: [USF-XSim-11] File 'D:/Xilinx/Vivado/2020.2/data/xsim/xsim.ini' copied to run dir:'F:/FPGA/shudianshiyan/ALU_stu/ALU_stu/ALU_stu.sim/sim_1/behav/xsim'
INFO: [SIM-utils-54] Inspecting design source files for 'alu_tb' in fileset 'sim_1'...
INFO: [SIM-utils-43] Exported 'F:/FPGA/shudianshiyan/ALU_stu/ALU_stu/ALU_stu.sim/sim_1/behav/xsim/test_flags_and_result_rom.mif'
INFO: [SIM-utils-43] Exported 'F:/FPGA/shudianshiyan/ALU_stu/ALU_stu/ALU_stu.sim/sim_1/behav/xsim/flags_and_result.coe'
INFO: [SIM-utils-43] Exported 'F:/FPGA/shudianshiyan/ALU_stu/ALU_stu/ALU_stu.sim/sim_1/behav/xsim/test_vector_rom.mif'
INFO: [SIM-utils-43] Exported 'F:/FPGA/shudianshiyan/ALU_stu/ALU_stu/ALU_stu.sim/sim_1/behav/xsim/test_vector.coe'
INFO: [USF-XSim-97] Finding global include files...
INFO: [USF-XSim-98] Fetching design files from 'sim_1'...
INFO: [USF-XSim-2] XSim::Compile design
INFO: [USF-XSim-61] Executing 'COMPILE and ANALYZE' step in 'F:/FPGA/shudianshiyan/ALU_stu/ALU_stu/ALU_stu.sim/sim_1/behav/xsim'
"xvlog --incr --relax -prj alu_tb_vlog.prj"
INFO: [VRFC 10-2263] Analyzing Verilog file "F:/FPGA/shudianshiyan/ALU_stu/ALU_stu/ALU_stu.gen/sources_1/ip/ila_0/ila_0_sim_netlist.v" into library xil_defaultlib
INFO: [VRFC 10-311] analyzing module ila_0
INFO: [VRFC 10-311] analyzing module ila_0_ila_v6_2_11_ila
INFO: [VRFC 10-311] analyzing module ila_0_ila_v6_2_11_ila_cap_addrgen
INFO: [VRFC 10-311] analyzing module ila_0_ila_v6_2_11_ila_cap_ctrl_legacy
INFO: [VRFC 10-311] analyzing module ila_0_ila_v6_2_11_ila_cap_sample_counter
INFO: [VRFC 10-311] analyzing module ila_0_ila_v6_2_11_ila_cap_window_counter
INFO: [VRFC 10-311] analyzing module ila_0_ila_v6_2_11_ila_core
INFO: [VRFC 10-311] analyzing module ila_0_ila_v6_2_11_ila_register
INFO: [VRFC 10-311] analyzing module ila_0_ila_v6_2_11_ila_reset_ctrl
INFO: [VRFC 10-311] analyzing module ila_0_ila_v6_2_11_ila_trace_memory
INFO: [VRFC 10-311] analyzing module ila_0_ila_v6_2_11_ila_trig_match
INFO: [VRFC 10-311] analyzing module ila_0_ila_v6_2_11_ila_trigger
INFO: [VRFC 10-311] analyzing module ila_0_ltlib_v1_0_0_all_typeA
INFO: [VRFC 10-311] analyzing module ila_0_ltlib_v1_0_0_all_typeA_11
INFO: [VRFC 10-311] analyzing module ila_0_ltlib_v1_0_0_all_typeA_14
INFO: [VRFC 10-311] analyzing module ila_0_ltlib_v1_0_0_all_typeA_16
INFO: [VRFC 10-311] analyzing module ila_0_ltlib_v1_0_0_all_typeA_4
INFO: [VRFC 10-311] analyzing module ila_0_ltlib_v1_0_0_all_typeA_6
INFO: [VRFC 10-311] analyzing module ila_0_ltlib_v1_0_0_all_typeA_8
INFO: [VRFC 10-311] analyzing module ila_0_ltlib_v1_0_0_all_typeA__parameterized0
INFO: [VRFC 10-311] analyzing module ila_0_ltlib_v1_0_0_all_typeA__parameterized0_43
INFO: [VRFC 10-311] analyzing module ila_0_ltlib_v1_0_0_all_typeA__parameterized0_51
INFO: [VRFC 10-311] analyzing module ila_0_ltlib_v1_0_0_all_typeA_slice
INFO: [VRFC 10-311] analyzing module ila_0_ltlib_v1_0_0_all_typeA_slice_12
INFO: [VRFC 10-311] analyzing module ila_0_ltlib_v1_0_0_all_typeA_slice_15
INFO: [VRFC 10-311] analyzing module ila_0_ltlib_v1_0_0_all_typeA_slice_17
INFO: [VRFC 10-311] analyzing module ila_0_ltlib_v1_0_0_all_typeA_slice_5
INFO: [VRFC 10-311] analyzing module ila_0_ltlib_v1_0_0_all_typeA_slice_7
INFO: [VRFC 10-311] analyzing module ila_0_ltlib_v1_0_0_all_typeA_slice_9
INFO: [VRFC 10-311] analyzing module ila_0_ltlib_v1_0_0_all_typeA_slice__parameterized0
INFO: [VRFC 10-311] analyzing module ila_0_ltlib_v1_0_0_all_typeA_slice__parameterized0_44
INFO: [VRFC 10-311] analyzing module ila_0_ltlib_v1_0_0_all_typeA_slice__parameterized0_52
INFO: [VRFC 10-311] analyzing module ila_0_ltlib_v1_0_0_all_typeA_slice__parameterized1
INFO: [VRFC 10-311] analyzing module ila_0_ltlib_v1_0_0_all_typeA_slice__parameterized1_45
INFO: [VRFC 10-311] analyzing module ila_0_ltlib_v1_0_0_all_typeA_slice__parameterized1_53
INFO: [VRFC 10-311] analyzing module ila_0_ltlib_v1_0_0_allx_typeA
INFO: [VRFC 10-311] analyzing module ila_0_ltlib_v1_0_0_allx_typeA__parameterized0
INFO: [VRFC 10-311] analyzing module ila_0_ltlib_v1_0_0_allx_typeA__parameterized0_10
INFO: [VRFC 10-311] analyzing module ila_0_ltlib_v1_0_0_allx_typeA__parameterized0_13
INFO: [VRFC 10-311] analyzing module ila_0_ltlib_v1_0_0_allx_typeA__parameterized1
INFO: [VRFC 10-311] analyzing module ila_0_ltlib_v1_0_0_allx_typeA__parameterized2
INFO: [VRFC 10-311] analyzing module ila_0_ltlib_v1_0_0_allx_typeA__parameterized2_3
INFO: [VRFC 10-311] analyzing module ila_0_ltlib_v1_0_0_allx_typeA_nodelay
INFO: [VRFC 10-311] analyzing module ila_0_ltlib_v1_0_0_allx_typeA_nodelay_42
INFO: [VRFC 10-311] analyzing module ila_0_ltlib_v1_0_0_allx_typeA_nodelay_50
INFO: [VRFC 10-311] analyzing module ila_0_ltlib_v1_0_0_async_edge_xfer
INFO: [VRFC 10-311] analyzing module ila_0_ltlib_v1_0_0_async_edge_xfer_18
INFO: [VRFC 10-311] analyzing module ila_0_ltlib_v1_0_0_async_edge_xfer_19
INFO: [VRFC 10-311] analyzing module ila_0_ltlib_v1_0_0_async_edge_xfer_20
INFO: [VRFC 10-311] analyzing module ila_0_ltlib_v1_0_0_cfglut4
INFO: [VRFC 10-311] analyzing module ila_0_ltlib_v1_0_0_cfglut4_46
INFO: [VRFC 10-311] analyzing module ila_0_ltlib_v1_0_0_cfglut5
INFO: [VRFC 10-311] analyzing module ila_0_ltlib_v1_0_0_cfglut5_40
INFO: [VRFC 10-311] analyzing module ila_0_ltlib_v1_0_0_cfglut5_47
INFO: [VRFC 10-311] analyzing module ila_0_ltlib_v1_0_0_cfglut6
INFO: [VRFC 10-311] analyzing module ila_0_ltlib_v1_0_0_cfglut6_48
INFO: [VRFC 10-311] analyzing module ila_0_ltlib_v1_0_0_cfglut6__parameterized0
INFO: [VRFC 10-311] analyzing module ila_0_ltlib_v1_0_0_cfglut7
INFO: [VRFC 10-311] analyzing module ila_0_ltlib_v1_0_0_cfglut7_39
INFO: [VRFC 10-311] analyzing module ila_0_ltlib_v1_0_0_generic_memrd
INFO: [VRFC 10-311] analyzing module ila_0_ltlib_v1_0_0_match
INFO: [VRFC 10-311] analyzing module ila_0_ltlib_v1_0_0_match__parameterized0
INFO: [VRFC 10-311] analyzing module ila_0_ltlib_v1_0_0_match__parameterized0_0
INFO: [VRFC 10-311] analyzing module ila_0_ltlib_v1_0_0_match__parameterized0_1
INFO: [VRFC 10-311] analyzing module ila_0_ltlib_v1_0_0_match__parameterized1
INFO: [VRFC 10-311] analyzing module ila_0_ltlib_v1_0_0_match__parameterized2
INFO: [VRFC 10-311] analyzing module ila_0_ltlib_v1_0_0_match__parameterized2_2
INFO: [VRFC 10-311] analyzing module ila_0_ltlib_v1_0_0_match_nodelay
INFO: [VRFC 10-311] analyzing module ila_0_ltlib_v1_0_0_match_nodelay_41
INFO: [VRFC 10-311] analyzing module ila_0_ltlib_v1_0_0_match_nodelay_49
INFO: [VRFC 10-311] analyzing module ila_0_ltlib_v1_0_0_rising_edge_detection
INFO: [VRFC 10-311] analyzing module ila_0_ltlib_v1_0_0_rising_edge_detection_21
INFO: [VRFC 10-311] analyzing module ila_0_xsdbs_v1_0_2_reg__parameterized21
INFO: [VRFC 10-311] analyzing module ila_0_xsdbs_v1_0_2_reg__parameterized22
INFO: [VRFC 10-311] analyzing module ila_0_xsdbs_v1_0_2_reg__parameterized23
INFO: [VRFC 10-311] analyzing module ila_0_xsdbs_v1_0_2_reg__parameterized24
INFO: [VRFC 10-311] analyzing module ila_0_xsdbs_v1_0_2_reg__parameterized36
INFO: [VRFC 10-311] analyzing module ila_0_xsdbs_v1_0_2_reg__parameterized37
INFO: [VRFC 10-311] analyzing module ila_0_xsdbs_v1_0_2_reg__parameterized38
INFO: [VRFC 10-311] analyzing module ila_0_xsdbs_v1_0_2_reg__parameterized39
INFO: [VRFC 10-311] analyzing module ila_0_xsdbs_v1_0_2_reg__parameterized40
INFO: [VRFC 10-311] analyzing module ila_0_xsdbs_v1_0_2_reg__parameterized41
INFO: [VRFC 10-311] analyzing module ila_0_xsdbs_v1_0_2_reg__parameterized42
INFO: [VRFC 10-311] analyzing module ila_0_xsdbs_v1_0_2_reg__parameterized43
INFO: [VRFC 10-311] analyzing module ila_0_xsdbs_v1_0_2_reg__parameterized44
INFO: [VRFC 10-311] analyzing module ila_0_xsdbs_v1_0_2_reg__parameterized45
INFO: [VRFC 10-311] analyzing module ila_0_xsdbs_v1_0_2_reg__parameterized46
INFO: [VRFC 10-311] analyzing module ila_0_xsdbs_v1_0_2_reg__parameterized47
INFO: [VRFC 10-311] analyzing module ila_0_xsdbs_v1_0_2_reg__parameterized49
INFO: [VRFC 10-311] analyzing module ila_0_xsdbs_v1_0_2_reg__parameterized51
INFO: [VRFC 10-311] analyzing module ila_0_xsdbs_v1_0_2_reg__parameterized54
INFO: [VRFC 10-311] analyzing module ila_0_xsdbs_v1_0_2_reg_ctl
INFO: [VRFC 10-311] analyzing module ila_0_xsdbs_v1_0_2_reg_ctl_25
INFO: [VRFC 10-311] analyzing module ila_0_xsdbs_v1_0_2_reg_ctl_26
INFO: [VRFC 10-311] analyzing module ila_0_xsdbs_v1_0_2_reg_ctl_27
INFO: [VRFC 10-311] analyzing module ila_0_xsdbs_v1_0_2_reg_ctl_28
INFO: [VRFC 10-311] analyzing module ila_0_xsdbs_v1_0_2_reg_ctl_31
INFO: [VRFC 10-311] analyzing module ila_0_xsdbs_v1_0_2_reg_ctl_33
INFO: [VRFC 10-311] analyzing module ila_0_xsdbs_v1_0_2_reg_ctl_34
INFO: [VRFC 10-311] analyzing module ila_0_xsdbs_v1_0_2_reg_ctl_35
INFO: [VRFC 10-311] analyzing module ila_0_xsdbs_v1_0_2_reg_ctl_36
INFO: [VRFC 10-311] analyzing module ila_0_xsdbs_v1_0_2_reg_ctl_37
INFO: [VRFC 10-311] analyzing module ila_0_xsdbs_v1_0_2_reg_ctl__parameterized0
INFO: [VRFC 10-311] analyzing module ila_0_xsdbs_v1_0_2_reg_ctl__parameterized1
INFO: [VRFC 10-311] analyzing module ila_0_xsdbs_v1_0_2_reg_ctl__parameterized1_29
INFO: [VRFC 10-311] analyzing module ila_0_xsdbs_v1_0_2_reg_ctl__parameterized1_32
INFO: [VRFC 10-311] analyzing module ila_0_xsdbs_v1_0_2_reg_p2s
INFO: [VRFC 10-311] analyzing module ila_0_xsdbs_v1_0_2_reg_p2s__parameterized0
INFO: [VRFC 10-311] analyzing module ila_0_xsdbs_v1_0_2_reg_p2s__parameterized1
INFO: [VRFC 10-311] analyzing module ila_0_xsdbs_v1_0_2_reg_p2s__parameterized2
INFO: [VRFC 10-311] analyzing module ila_0_xsdbs_v1_0_2_reg_p2s__parameterized3
INFO: [VRFC 10-311] analyzing module ila_0_xsdbs_v1_0_2_reg_p2s__parameterized4
INFO: [VRFC 10-311] analyzing module ila_0_xsdbs_v1_0_2_reg_p2s__parameterized5
INFO: [VRFC 10-311] analyzing module ila_0_xsdbs_v1_0_2_reg_p2s__parameterized6
INFO: [VRFC 10-311] analyzing module ila_0_xsdbs_v1_0_2_reg_stat
INFO: [VRFC 10-311] analyzing module ila_0_xsdbs_v1_0_2_reg_stat_22
INFO: [VRFC 10-311] analyzing module ila_0_xsdbs_v1_0_2_reg_stat_23
INFO: [VRFC 10-311] analyzing module ila_0_xsdbs_v1_0_2_reg_stat_24
INFO: [VRFC 10-311] analyzing module ila_0_xsdbs_v1_0_2_reg_stat_30
INFO: [VRFC 10-311] analyzing module ila_0_xsdbs_v1_0_2_reg_stat_38
INFO: [VRFC 10-311] analyzing module ila_0_xsdbs_v1_0_2_reg_stream
INFO: [VRFC 10-311] analyzing module ila_0_xsdbs_v1_0_2_reg_stream__parameterized0
INFO: [VRFC 10-311] analyzing module ila_0_xsdbs_v1_0_2_xsdbs
INFO: [VRFC 10-311] analyzing module ila_0_blk_mem_gen_v8_4_4
INFO: [VRFC 10-311] analyzing module ila_0_blk_mem_gen_v8_4_4_blk_mem_gen_generic_cstr
INFO: [VRFC 10-311] analyzing module ila_0_blk_mem_gen_v8_4_4_blk_mem_gen_prim_width
INFO: [VRFC 10-311] analyzing module ila_0_blk_mem_gen_v8_4_4_blk_mem_gen_prim_wrapper
INFO: [VRFC 10-311] analyzing module ila_0_blk_mem_gen_v8_4_4_blk_mem_gen_top
INFO: [VRFC 10-311] analyzing module ila_0_blk_mem_gen_v8_4_4_synth
INFO: [VRFC 10-311] analyzing module glbl
INFO: [VRFC 10-2263] Analyzing Verilog file "F:/FPGA/shudianshiyan/ALU_stu/ALU_stu/ALU_stu.gen/sources_1/ip/test_flags_and_result_rom/sim/test_flags_and_result_rom.v" into library xil_defaultlib
INFO: [VRFC 10-311] analyzing module test_flags_and_result_rom
INFO: [VRFC 10-2263] Analyzing Verilog file "F:/FPGA/shudianshiyan/ALU_stu/ALU_stu/ALU_stu.gen/sources_1/ip/test_vector_rom/sim/test_vector_rom.v" into library xil_defaultlib
INFO: [VRFC 10-311] analyzing module test_vector_rom
INFO: [VRFC 10-2263] Analyzing Verilog file "F:/FPGA/shudianshiyan/ALU_stu/ALU_stu/ALU_stu.gen/sources_1/ip/sys_clk/sys_clk_clk_wiz.v" into library xil_defaultlib
INFO: [VRFC 10-311] analyzing module sys_clk_clk_wiz
INFO: [VRFC 10-2263] Analyzing Verilog file "F:/FPGA/shudianshiyan/ALU_stu/ALU_stu/ALU_stu.gen/sources_1/ip/sys_clk/sys_clk.v" into library xil_defaultlib
INFO: [VRFC 10-311] analyzing module sys_clk
INFO: [VRFC 10-2263] Analyzing Verilog file "F:/FPGA/shudianshiyan/ALU_stu/src/adder32_gate.v" into library xil_defaultlib
INFO: [VRFC 10-311] analyzing module adder32_gate
INFO: [VRFC 10-2263] Analyzing Verilog file "F:/FPGA/shudianshiyan/ALU_stu/src/alu.v" into library xil_defaultlib
INFO: [VRFC 10-311] analyzing module alu
INFO: [VRFC 10-2263] Analyzing Verilog file "F:/FPGA/shudianshiyan/ALU_stu/src/full_adder_1bit.v" into library xil_defaultlib
INFO: [VRFC 10-311] analyzing module full_adder_1bit
INFO: [VRFC 10-2263] Analyzing Verilog file "F:/FPGA/shudianshiyan/ALU_stu/ALU_stu/ALU_stu.srcs/sources_1/new/top.v" into library xil_defaultlib
INFO: [VRFC 10-311] analyzing module top
INFO: [VRFC 10-2263] Analyzing Verilog file "F:/FPGA/shudianshiyan/ALU_stu/ALU_stu/ALU_stu.sim/sim_1/behav/xsim/glbl.v" into library xil_defaultlib
INFO: [VRFC 10-311] analyzing module glbl
WARNING: [VRFC 10-3609] overwriting previous definition of module 'glbl' [F:/FPGA/shudianshiyan/ALU_stu/ALU_stu/ALU_stu.sim/sim_1/behav/xsim/glbl.v:6]
"xvhdl --incr --relax -prj alu_tb_vhdl.prj"
INFO: [VRFC 10-163] Analyzing VHDL file "F:/FPGA/shudianshiyan/ALU_stu/ALU_stu/ALU_stu.srcs/sim_1/new/alu_tb.vhd" into library xil_defaultlib
INFO: [VRFC 10-3107] analyzing entity 'alu_tb'
run_program: Time (s): cpu = 00:00:00 ; elapsed = 00:00:06 . Memory (MB): peak = 2440.156 ; gain = 0.000
INFO: [USF-XSim-69] 'compile' step finished in '6' seconds
INFO: [USF-XSim-3] XSim::Elaborate design
INFO: [USF-XSim-61] Executing 'ELABORATE' step in 'F:/FPGA/shudianshiyan/ALU_stu/ALU_stu/ALU_stu.sim/sim_1/behav/xsim'
"xelab -wto f8b676af9e7d47728db8e9f1e72916d8 --incr --debug typical --relax --mt 2 -L xil_defaultlib -L blk_mem_gen_v8_4_4 -L unisims_ver -L unimacro_ver -L secureip -L xpm --snapshot alu_tb_behav xil_defaultlib.alu_tb xil_defaultlib.glbl -log elaborate.log"
Vivado Simulator 2020.2
Copyright 1986-1999, 2001-2020 Xilinx, Inc. All Rights Reserved.
Running: D:/Xilinx/Vivado/2020.2/bin/unwrapped/win64.o/xelab.exe -wto f8b676af9e7d47728db8e9f1e72916d8 --incr --debug typical --relax --mt 2 -L xil_defaultlib -L blk_mem_gen_v8_4_4 -L unisims_ver -L unimacro_ver -L secureip -L xpm --snapshot alu_tb_behav xil_defaultlib.alu_tb xil_defaultlib.glbl -log elaborate.log 
Using 2 slave threads.
Starting static elaboration
Pass Through NonSizing Optimizer
Completed static elaboration
Starting simulation data flow analysis
Completed simulation data flow analysis
Time Resolution for simulation is 1ps
Compiling package std.standard
Compiling package std.textio
Compiling package ieee.std_logic_1164
Compiling package ieee.std_logic_arith
Compiling package ieee.std_logic_unsigned
Compiling package ieee.std_logic_textio
Compiling package vl.vl_types
Compiling module xil_defaultlib.glbl
Compiling module unisims_ver.IBUF
Compiling module unisims_ver.MMCME2_ADV(CLKFBOUT_MULT_F=19.37...
Compiling module unisims_ver.BUFG
Compiling module xil_defaultlib.sys_clk_clk_wiz
Compiling module xil_defaultlib.sys_clk
Compiling module blk_mem_gen_v8_4_4.blk_mem_gen_v8_4_4_output_stage(...
Compiling module blk_mem_gen_v8_4_4.blk_mem_gen_v8_4_4_softecc_outpu...
Compiling module blk_mem_gen_v8_4_4.blk_mem_gen_v8_4_4_mem_module(C_...
Compiling module blk_mem_gen_v8_4_4.blk_mem_gen_v8_4_4(C_FAMILY="kin...
Compiling module xil_defaultlib.test_vector_rom
Compiling module blk_mem_gen_v8_4_4.blk_mem_gen_v8_4_4_output_stage(...
Compiling module blk_mem_gen_v8_4_4.blk_mem_gen_v8_4_4_softecc_outpu...
Compiling module blk_mem_gen_v8_4_4.blk_mem_gen_v8_4_4_mem_module(C_...
Compiling module blk_mem_gen_v8_4_4.blk_mem_gen_v8_4_4(C_FAMILY="kin...
Compiling module xil_defaultlib.test_flags_and_result_rom
Compiling module xil_defaultlib.full_adder_1bit
Compiling module xil_defaultlib.adder32_gate_default
Compiling module xil_defaultlib.alu
Compiling module unisims_ver.GND
Compiling module unisims_ver.FDRE_default
Compiling module unisims_ver.x_lut1_mux2
Compiling module unisims_ver.LUT1
Compiling module unisims_ver.RB36_INTERNAL_VLOG(DOA_REG=1,DOB...
Compiling module unisims_ver.RAMB36E1(DOA_REG=1,DOB_REG=1,REA...
Compiling module xil_defaultlib.ila_0_blk_mem_gen_v8_4_4
Compiling module unisims_ver.SRL16E_default
Compiling module unisims_ver.LUT4
Compiling module unisims_ver.x_lut3_mux8
Compiling module unisims_ver.LUT3
Compiling module unisims_ver.SRLC32E_default
Compiling module unisims_ver.LUT6
Compiling module unisims_ver.SRLC16E_default
Compiling module unisims_ver.x_lut2_mux4
Compiling module unisims_ver.LUT2
Compiling module unisims_ver.LUT5
Compiling module unisims_ver.CARRY4
Compiling module unisims_ver.CFGLUT5_default
Compiling module unisims_ver.MUXF7
Compiling module unisims_ver.FDSE_default
Compiling module xil_defaultlib.ila_0
Compiling module xil_defaultlib.top
Compiling architecture behavioral of entity xil_defaultlib.alu_tb
Built simulation snapshot alu_tb_behav
run_program: Time (s): cpu = 00:00:01 ; elapsed = 00:00:08 . Memory (MB): peak = 2440.156 ; gain = 0.000
INFO: [USF-XSim-69] 'elaborate' step finished in '7' seconds
INFO: [USF-XSim-4] XSim::Simulate design
INFO: [USF-XSim-61] Executing 'SIMULATE' step in 'F:/FPGA/shudianshiyan/ALU_stu/ALU_stu/ALU_stu.sim/sim_1/behav/xsim'
INFO: [USF-XSim-98] *** Running xsim
   with args "alu_tb_behav -key {Behavioral:sim_1:Functional:alu_tb} -tclbatch {alu_tb.tcl} -view {F:/FPGA/shudianshiyan/ALU_stu/ALU_stu/ALU_stu.srcs/sim_1/imports/ALU_arm/alu_tb_behav.wcfg} -log {simulate.log}"
INFO: [USF-XSim-8] Loading simulator feature
Vivado Simulator 2020.2
Time resolution is 1 ps
open_wave_config F:/FPGA/shudianshiyan/ALU_stu/ALU_stu/ALU_stu.srcs/sim_1/imports/ALU_arm/alu_tb_behav.wcfg
source alu_tb.tcl
# set curr_wave [current_wave_config]
# if { [string length $curr_wave] == 0 } {
#   if { [llength [get_objects]] > 0} {
#     add_wave /
#     set_property needs_save false [current_wave_config]
#   } else {
#      send_msg_id Add_Wave-1 WARNING "No top level signals found. Simulator will start without a wave window. If you want to open a wave window go to 'File->New Waveform Configuration' or type 'create_wave_config' in the TCL console."
#   }
# }
# run 1000ns
 Block Memory Generator module loading initial data...
 Block Memory Generator data initialization complete.
Block Memory Generator module alu_tb.uut.u_test_vector_rom.inst.\native_mem_module.blk_mem_gen_v8_4_4_inst  is using a behavioral model for simulation which will not precisely model memory collision behavior.
 Block Memory Generator module loading initial data...
 Block Memory Generator data initialization complete.
Block Memory Generator module alu_tb.uut.u_test_flags_and_result_rom.inst.\native_mem_module.blk_mem_gen_v8_4_4_inst  is using a behavioral model for simulation which will not precisely model memory collision behavior.
INFO: [USF-XSim-96] XSim completed. Design snapshot 'alu_tb_behav' loaded.
INFO: [USF-XSim-97] XSim simulation ran for 1000ns
launch_simulation: Time (s): cpu = 00:00:06 ; elapsed = 00:00:19 . Memory (MB): peak = 2494.473 ; gain = 54.316
run 5000 ns
reset_run synth_1
WARNING: [Vivado 12-1017] Problems encountered:
1. Failed to delete one or more files in run directory F:/FPGA/shudianshiyan/ALU_stu/ALU_stu/ALU_stu.runs/synth_1

launch_runs synth_1 -jobs 8
[Fri May 22 10:41:34 2026] Launched synth_1...
Run output will be captured here: F:/FPGA/shudianshiyan/ALU_stu/ALU_stu/ALU_stu.runs/synth_1/runme.log
open_run synth_1 -name synth_1
Design is defaulting to impl run constrset: constrs_1
Design is defaulting to synth run part: xc7k160tffg676-2
INFO: [Project 1-454] Reading design checkpoint 'f:/FPGA/shudianshiyan/ALU_stu/ALU_stu/ALU_stu.gen/sources_1/ip/ila_0/ila_0.dcp' for cell 'u_ila'
INFO: [Project 1-454] Reading design checkpoint 'f:/FPGA/shudianshiyan/ALU_stu/ALU_stu/ALU_stu.gen/sources_1/ip/sys_clk/sys_clk.dcp' for cell 'u_sys_clk'
INFO: [Project 1-454] Reading design checkpoint 'f:/FPGA/shudianshiyan/ALU_stu/ALU_stu/ALU_stu.gen/sources_1/ip/test_flags_and_result_rom/test_flags_and_result_rom.dcp' for cell 'u_test_flags_and_result_rom'
INFO: [Project 1-454] Reading design checkpoint 'f:/FPGA/shudianshiyan/ALU_stu/ALU_stu/ALU_stu.gen/sources_1/ip/test_vector_rom/test_vector_rom.dcp' for cell 'u_test_vector_rom'
Netlist sorting complete. Time (s): cpu = 00:00:00 ; elapsed = 00:00:00.020 . Memory (MB): peak = 3302.102 ; gain = 0.000
INFO: [Netlist 29-17] Analyzing 98 Unisim elements for replacement
INFO: [Netlist 29-28] Unisim Transformation completed in 0 CPU seconds
INFO: [Project 1-479] Netlist was created with Vivado 2020.2
INFO: [Project 1-570] Preparing netlist for logic optimization
INFO: [Chipscope 16-324] Core: u_ila UUID: c30a8330-47ba-5203-8dbc-7e3e3214d902 
Parsing XDC File [f:/FPGA/shudianshiyan/ALU_stu/ALU_stu/ALU_stu.gen/sources_1/ip/sys_clk/sys_clk_board.xdc] for cell 'u_sys_clk/inst'
Finished Parsing XDC File [f:/FPGA/shudianshiyan/ALU_stu/ALU_stu/ALU_stu.gen/sources_1/ip/sys_clk/sys_clk_board.xdc] for cell 'u_sys_clk/inst'
Parsing XDC File [f:/FPGA/shudianshiyan/ALU_stu/ALU_stu/ALU_stu.gen/sources_1/ip/sys_clk/sys_clk.xdc] for cell 'u_sys_clk/inst'
INFO: [Timing 38-35] Done setting XDC timing constraints. [f:/FPGA/shudianshiyan/ALU_stu/ALU_stu/ALU_stu.gen/sources_1/ip/sys_clk/sys_clk.xdc:57]
INFO: [Timing 38-2] Deriving generated clocks [f:/FPGA/shudianshiyan/ALU_stu/ALU_stu/ALU_stu.gen/sources_1/ip/sys_clk/sys_clk.xdc:57]
Finished Parsing XDC File [f:/FPGA/shudianshiyan/ALU_stu/ALU_stu/ALU_stu.gen/sources_1/ip/sys_clk/sys_clk.xdc] for cell 'u_sys_clk/inst'
Parsing XDC File [f:/FPGA/shudianshiyan/ALU_stu/ALU_stu/ALU_stu.gen/sources_1/ip/ila_0/ila_v6_2/constraints/ila_impl.xdc] for cell 'u_ila/inst'
Finished Parsing XDC File [f:/FPGA/shudianshiyan/ALU_stu/ALU_stu/ALU_stu.gen/sources_1/ip/ila_0/ila_v6_2/constraints/ila_impl.xdc] for cell 'u_ila/inst'
Parsing XDC File [f:/FPGA/shudianshiyan/ALU_stu/ALU_stu/ALU_stu.gen/sources_1/ip/ila_0/ila_v6_2/constraints/ila.xdc] for cell 'u_ila/inst'
Finished Parsing XDC File [f:/FPGA/shudianshiyan/ALU_stu/ALU_stu/ALU_stu.gen/sources_1/ip/ila_0/ila_v6_2/constraints/ila.xdc] for cell 'u_ila/inst'
Parsing XDC File [F:/FPGA/shudianshiyan/ALU_stu/ALU_stu/ALU_stu.srcs/constrs_1/new/xdc.xdc]
Finished Parsing XDC File [F:/FPGA/shudianshiyan/ALU_stu/ALU_stu/ALU_stu.srcs/constrs_1/new/xdc.xdc]
INFO: [Opt 31-138] Pushed 0 inverter(s) to 0 load pin(s).
Netlist sorting complete. Time (s): cpu = 00:00:00 ; elapsed = 00:00:00.001 . Memory (MB): peak = 3484.199 ; gain = 0.000
INFO: [Project 1-111] Unisim Transformation Summary:
  A total of 52 instances were transformed.
  CFGLUT5 => CFGLUT5 (SRL16E, SRLC32E): 52 instances

report_timing_summary -delay_type min_max -report_unconstrained -check_timing_verbose -max_paths 100 -input_pins -routable_nets -name timing_1
INFO: [Timing 38-35] Done setting XDC timing constraints.
INFO: [Timing 38-91] UpdateTimingParams: Speed grade: -2, Delay Type: min_max.
INFO: [Timing 38-191] Multithreading enabled for timing update using a maximum of 2 CPUs
close_sim
INFO: [Simtcl 6-16] Simulation closed
exit
INFO: [Common 17-206] Exiting Vivado at Fri May 22 11:20:17 2026...
