#-----------------------------------------------------------
# Vivado v2020.2 (64-bit)
# SW Build 3064766 on Wed Nov 18 09:12:45 MST 2020
# IP Build 3064653 on Wed Nov 18 14:17:31 MST 2020
# Start of session at: Fri May 22 10:22:06 2026
# Process ID: 19792
# Current directory: F:/FPGA/shudianshiyan/ALU_stu/ALU_stu
# Command line: vivado.exe -gui_launcher_event rodinguilauncherevent24744 F:\FPGA\shudianshiyan\ALU_stu\ALU_stu\ALU_stu.xpr
# Log file: F:/FPGA/shudianshiyan/ALU_stu/ALU_stu/vivado.log
# Journal file: F:/FPGA/shudianshiyan/ALU_stu/ALU_stu\vivado.jou
#-----------------------------------------------------------
start_gui
open_project F:/FPGA/shudianshiyan/ALU_stu/ALU_stu/ALU_stu.xpr
INFO: [Project 1-313] Project file moved from 'F:/FPGA/project/ALU_stu/ALU_stu' since last save.
Scanning sources...
Finished scanning sources
INFO: [IP_Flow 19-234] Refreshing IP repositories
INFO: [IP_Flow 19-1704] No user IP repositories specified
INFO: [IP_Flow 19-2313] Loaded Vivado IP repository 'D:/Xilinx/Vivado/2020.2/data/ip'.
open_project: Time (s): cpu = 00:00:10 ; elapsed = 00:00:05 . Memory (MB): peak = 1107.910 ; gain = 0.000
update_compile_order -fileset sources_1
export_ip_user_files -of_objects  [get_files F:/FPGA/shudianshiyan/ALU_stu/ALU_stu/ALU_stu.srcs/sources_1/new/alu.v] -no_script -reset -force -quiet
remove_files  F:/FPGA/shudianshiyan/ALU_stu/ALU_stu/ALU_stu.srcs/sources_1/new/alu.v
add_files -norecurse {F:/FPGA/shudianshiyan/ALU_stu/src/alu.v F:/FPGA/shudianshiyan/ALU_stu/src/adder32_gate.v}
WARNING: [filemgmt 56-12] File 'F:/FPGA/shudianshiyan/ALU_stu/src/alu.v' cannot be added to the project because it already exists in the project, skipping this file
WARNING: [filemgmt 56-12] File 'F:/FPGA/shudianshiyan/ALU_stu/src/adder32_gate.v' cannot be added to the project because it already exists in the project, skipping this file
add_files -norecurse F:/FPGA/shudianshiyan/ALU_stu/src/alu.v
WARNING: [filemgmt 56-12] File 'F:/FPGA/shudianshiyan/ALU_stu/src/alu.v' cannot be added to the project because it already exists in the project, skipping this file
exit
INFO: [Common 17-206] Exiting Vivado at Fri May 22 10:25:15 2026...
